  Geri y├╝klenecek projeler belirleniyor...
D:\era_monitor\monitorsystem\src\ERAMonitor.Infrastructure\ERAMonitor.Infrastructure.csproj : warning NU1902: 'System.IdentityModel.Tokens.Jwt' 7.0.0 paketinde ├Ânem derecesi orta olan bilinen bir https://github.com/advisories/GHSA-59j7-ghrg-fj52 g├╝venlik a├ğ─▒─ş─▒ var
  Geri y├╝kleme i├ğin t├╝m projeler g├╝ncel.
D:\era_monitor\monitorsystem\src\ERAMonitor.Infrastructure\ERAMonitor.Infrastructure.csproj : warning NU1902: 'System.IdentityModel.Tokens.Jwt' 7.0.0 paketinde ├Ânem derecesi orta olan bilinen bir https://github.com/advisories/GHSA-59j7-ghrg-fj52 g├╝venlik a├ğ─▒─ş─▒ var
  ERAMonitor.Core -> D:\era_monitor\monitorsystem\src\ERAMonitor.Core\bin\Debug\net8.0\ERAMonitor.Core.dll
D:\era_monitor\monitorsystem\src\ERAMonitor.Infrastructure\Services\StatusPageService.cs(31,16): error CS0029: 'ERAMonitor.Core.Entities.StatusPage' t├╝r├╝ ├Ârt├╝l├╝ olarak 'ERAMonitor.Core.DTOs.StatusPages.StatusPageDetailDto' t├╝r├╝ne d├Ân├╝┼şt├╝r├╝lemez [D:\era_monitor\monitorsystem\src\ERAMonitor.Infrastructure\ERAMonitor.Infrastructure.csproj]
D:\era_monitor\monitorsystem\src\ERAMonitor.Infrastructure\Services\StatusPageService.cs(188,13): error CS0117: 'StatusPageComponentGroup' bir 'Order' tan─▒m─▒ i├ğermiyor [D:\era_monitor\monitorsystem\src\ERAMonitor.Infrastructure\ERAMonitor.Infrastructure.csproj]
D:\era_monitor\monitorsystem\src\ERAMonitor.Infrastructure\Services\StatusPageService.cs(189,13): error CS0117: 'StatusPageComponentGroup' bir 'IsCollapsed' tan─▒m─▒ i├ğermiyor [D:\era_monitor\monitorsystem\src\ERAMonitor.Infrastructure\ERAMonitor.Infrastructure.csproj]
D:\era_monitor\monitorsystem\src\ERAMonitor.Infrastructure\Services\StatusPageService.cs(201,27): error CS1061: 'StatusPageComponentGroup' bir 'Order' tan─▒m─▒ i├ğermiyor ve 'StatusPageComponentGroup' t├╝r├╝nde bir ilk ba─ş─▒ms─▒z de─şi┼şken kabul eden hi├ğbir eri┼şilebilir 'Order' geni┼şletme y├Ântemi bulunamad─▒ (bir kullanma y├Ânergeniz veya derleme ba┼şvurunuz eksik olabilir mi?) [D:\era_monitor\monitorsystem\src\ERAMonitor.Infrastructure\ERAMonitor.Infrastructure.csproj]
D:\era_monitor\monitorsystem\src\ERAMonitor.Infrastructure\Services\StatusPageService.cs(202,33): error CS1061: 'StatusPageComponentGroup' bir 'IsCollapsed' tan─▒m─▒ i├ğermiyor ve 'StatusPageComponentGroup' t├╝r├╝nde bir ilk ba─ş─▒ms─▒z de─şi┼şken kabul eden hi├ğbir eri┼şilebilir 'IsCollapsed' geni┼şletme y├Ântemi bulunamad─▒ (bir kullanma y├Ânergeniz veya derleme ba┼şvurunuz eksik olabilir mi?) [D:\era_monitor\monitorsystem\src\ERAMonitor.Infrastructure\ERAMonitor.Infrastructure.csproj]
D:\era_monitor\monitorsystem\src\ERAMonitor.Infrastructure\Services\StatusPageService.cs(213,15): error CS1061: 'StatusPageComponentGroup' bir 'Order' tan─▒m─▒ i├ğermiyor ve 'StatusPageComponentGroup' t├╝r├╝nde bir ilk ba─ş─▒ms─▒z de─şi┼şken kabul eden hi├ğbir eri┼şilebilir 'Order' geni┼şletme y├Ântemi bulunamad─▒ (bir kullanma y├Ânergeniz veya derleme ba┼şvurunuz eksik olabilir mi?) [D:\era_monitor\monitorsystem\src\ERAMonitor.Infrastructure\ERAMonitor.Infrastructure.csproj]
D:\era_monitor\monitorsystem\src\ERAMonitor.Infrastructure\Services\StatusPageService.cs(214,15): error CS1061: 'StatusPageComponentGroup' bir 'IsCollapsed' tan─▒m─▒ i├ğermiyor ve 'StatusPageComponentGroup' t├╝r├╝nde bir ilk ba─ş─▒ms─▒z de─şi┼şken kabul eden hi├ğbir eri┼şilebilir 'IsCollapsed' geni┼şletme y├Ântemi bulunamad─▒ (bir kullanma y├Ânergeniz veya derleme ba┼şvurunuz eksik olabilir mi?) [D:\era_monitor\monitorsystem\src\ERAMonitor.Infrastructure\ERAMonitor.Infrastructure.csproj]
D:\era_monitor\monitorsystem\src\ERAMonitor.Infrastructure\Services\StatusPageService.cs(225,27): error CS1061: 'StatusPageComponentGroup' bir 'Order' tan─▒m─▒ i├ğermiyor ve 'StatusPageComponentGroup' t├╝r├╝nde bir ilk ba─ş─▒ms─▒z de─şi┼şken kabul eden hi├ğbir eri┼şilebilir 'Order' geni┼şletme y├Ântemi bulunamad─▒ (bir kullanma y├Ânergeniz veya derleme ba┼şvurunuz eksik olabilir mi?) [D:\era_monitor\monitorsystem\src\ERAMonitor.Infrastructure\ERAMonitor.Infrastructure.csproj]
D:\era_monitor\monitorsystem\src\ERAMonitor.Infrastructure\Services\StatusPageService.cs(226,33): error CS1061: 'StatusPageComponentGroup' bir 'IsCollapsed' tan─▒m─▒ i├ğermiyor ve 'StatusPageComponentGroup' t├╝r├╝nde bir ilk ba─ş─▒ms─▒z de─şi┼şken kabul eden hi├ğbir eri┼şilebilir 'IsCollapsed' geni┼şletme y├Ântemi bulunamad─▒ (bir kullanma y├Ânergeniz veya derleme ba┼şvurunuz eksik olabilir mi?) [D:\era_monitor\monitorsystem\src\ERAMonitor.Infrastructure\ERAMonitor.Infrastructure.csproj]
D:\era_monitor\monitorsystem\src\ERAMonitor.Infrastructure\Services\StatusPageService.cs(276,21): warning CS8601: Olas─▒ null ba┼şvuru atamas─▒. [D:\era_monitor\monitorsystem\src\ERAMonitor.Infrastructure\ERAMonitor.Infrastructure.csproj]

Olu┼şturma BA┼ŞARISIZ OLDU.

D:\era_monitor\monitorsystem\src\ERAMonitor.Infrastructure\ERAMonitor.Infrastructure.csproj : warning NU1902: 'System.IdentityModel.Tokens.Jwt' 7.0.0 paketinde ├Ânem derecesi orta olan bilinen bir https://github.com/advisories/GHSA-59j7-ghrg-fj52 g├╝venlik a├ğ─▒─ş─▒ var
D:\era_monitor\monitorsystem\src\ERAMonitor.Infrastructure\ERAMonitor.Infrastructure.csproj : warning NU1902: 'System.IdentityModel.Tokens.Jwt' 7.0.0 paketinde ├Ânem derecesi orta olan bilinen bir https://github.com/advisories/GHSA-59j7-ghrg-fj52 g├╝venlik a├ğ─▒─ş─▒ var
D:\era_monitor\monitorsystem\src\ERAMonitor.Infrastructure\Services\StatusPageService.cs(276,21): warning CS8601: Olas─▒ null ba┼şvuru atamas─▒. [D:\era_monitor\monitorsystem\src\ERAMonitor.Infrastructure\ERAMonitor.Infrastructure.csproj]
D:\era_monitor\monitorsystem\src\ERAMonitor.Infrastructure\Services\StatusPageService.cs(31,16): error CS0029: 'ERAMonitor.Core.Entities.StatusPage' t├╝r├╝ ├Ârt├╝l├╝ olarak 'ERAMonitor.Core.DTOs.StatusPages.StatusPageDetailDto' t├╝r├╝ne d├Ân├╝┼şt├╝r├╝lemez [D:\era_monitor\monitorsystem\src\ERAMonitor.Infrastructure\ERAMonitor.Infrastructure.csproj]
D:\era_monitor\monitorsystem\src\ERAMonitor.Infrastructure\Services\StatusPageService.cs(188,13): error CS0117: 'StatusPageComponentGroup' bir 'Order' tan─▒m─▒ i├ğermiyor [D:\era_monitor\monitorsystem\src\ERAMonitor.Infrastructure\ERAMonitor.Infrastructure.csproj]
D:\era_monitor\monitorsystem\src\ERAMonitor.Infrastructure\Services\StatusPageService.cs(189,13): error CS0117: 'StatusPageComponentGroup' bir 'IsCollapsed' tan─▒m─▒ i├ğermiyor [D:\era_monitor\monitorsystem\src\ERAMonitor.Infrastructure\ERAMonitor.Infrastructure.csproj]
D:\era_monitor\monitorsystem\src\ERAMonitor.Infrastructure\Services\StatusPageService.cs(201,27): error CS1061: 'StatusPageComponentGroup' bir 'Order' tan─▒m─▒ i├ğermiyor ve 'StatusPageComponentGroup' t├╝r├╝nde bir ilk ba─ş─▒ms─▒z de─şi┼şken kabul eden hi├ğbir eri┼şilebilir 'Order' geni┼şletme y├Ântemi bulunamad─▒ (bir kullanma y├Ânergeniz veya derleme ba┼şvurunuz eksik olabilir mi?) [D:\era_monitor\monitorsystem\src\ERAMonitor.Infrastructure\ERAMonitor.Infrastructure.csproj]
D:\era_monitor\monitorsystem\src\ERAMonitor.Infrastructure\Services\StatusPageService.cs(202,33): error CS1061: 'StatusPageComponentGroup' bir 'IsCollapsed' tan─▒m─▒ i├ğermiyor ve 'StatusPageComponentGroup' t├╝r├╝nde bir ilk ba─ş─▒ms─▒z de─şi┼şken kabul eden hi├ğbir eri┼şilebilir 'IsCollapsed' geni┼şletme y├Ântemi bulunamad─▒ (bir kullanma y├Ânergeniz veya derleme ba┼şvurunuz eksik olabilir mi?) [D:\era_monitor\monitorsystem\src\ERAMonitor.Infrastructure\ERAMonitor.Infrastructure.csproj]
D:\era_monitor\monitorsystem\src\ERAMonitor.Infrastructure\Services\StatusPageService.cs(213,15): error CS1061: 'StatusPageComponentGroup' bir 'Order' tan─▒m─▒ i├ğermiyor ve 'StatusPageComponentGroup' t├╝r├╝nde bir ilk ba─ş─▒ms─▒z de─şi┼şken kabul eden hi├ğbir eri┼şilebilir 'Order' geni┼şletme y├Ântemi bulunamad─▒ (bir kullanma y├Ânergeniz veya derleme ba┼şvurunuz eksik olabilir mi?) [D:\era_monitor\monitorsystem\src\ERAMonitor.Infrastructure\ERAMonitor.Infrastructure.csproj]
D:\era_monitor\monitorsystem\src\ERAMonitor.Infrastructure\Services\StatusPageService.cs(214,15): error CS1061: 'StatusPageComponentGroup' bir 'IsCollapsed' tan─▒m─▒ i├ğermiyor ve 'StatusPageComponentGroup' t├╝r├╝nde bir ilk ba─ş─▒ms─▒z de─şi┼şken kabul eden hi├ğbir eri┼şilebilir 'IsCollapsed' geni┼şletme y├Ântemi bulunamad─▒ (bir kullanma y├Ânergeniz veya derleme ba┼şvurunuz eksik olabilir mi?) [D:\era_monitor\monitorsystem\src\ERAMonitor.Infrastructure\ERAMonitor.Infrastructure.csproj]
D:\era_monitor\monitorsystem\src\ERAMonitor.Infrastructure\Services\StatusPageService.cs(225,27): error CS1061: 'StatusPageComponentGroup' bir 'Order' tan─▒m─▒ i├ğermiyor ve 'StatusPageComponentGroup' t├╝r├╝nde bir ilk ba─ş─▒ms─▒z de─şi┼şken kabul eden hi├ğbir eri┼şilebilir 'Order' geni┼şletme y├Ântemi bulunamad─▒ (bir kullanma y├Ânergeniz veya derleme ba┼şvurunuz eksik olabilir mi?) [D:\era_monitor\monitorsystem\src\ERAMonitor.Infrastructure\ERAMonitor.Infrastructure.csproj]
D:\era_monitor\monitorsystem\src\ERAMonitor.Infrastructure\Services\StatusPageService.cs(226,33): error CS1061: 'StatusPageComponentGroup' bir 'IsCollapsed' tan─▒m─▒ i├ğermiyor ve 'StatusPageComponentGroup' t├╝r├╝nde bir ilk ba─ş─▒ms─▒z de─şi┼şken kabul eden hi├ğbir eri┼şilebilir 'IsCollapsed' geni┼şletme y├Ântemi bulunamad─▒ (bir kullanma y├Ânergeniz veya derleme ba┼şvurunuz eksik olabilir mi?) [D:\era_monitor\monitorsystem\src\ERAMonitor.Infrastructure\ERAMonitor.Infrastructure.csproj]
    3 Uyar─▒
    9 Hata

Ge├ğen S├╝re 00:00:02.28
