D:\era_monitor\monitorsystem\src\ERAMonitor.Infrastructure\Services\AuditService.cs(2,17): error CS0234: 'AspNetCore' t├╝r veya ad alan─▒ ad─▒ 'Microsoft' ad alan─▒nda yok (bir derleme ba┼şvurunuz mu eksik?) [D:\era_monitor\monitorsystem\src\ERAMonitor.Infrastructure\ERAMonitor.Infrastructure.csproj]
D:\era_monitor\monitorsystem\src\ERAMonitor.Infrastructure\Services\AuditService.cs(6,34): error CS0234: 'Services' t├╝r veya ad alan─▒ ad─▒ 'ERAMonitor.Core.Interfaces' ad alan─▒nda yok (bir derleme ba┼şvurunuz mu eksik?) [D:\era_monitor\monitorsystem\src\ERAMonitor.Infrastructure\ERAMonitor.Infrastructure.csproj]
D:\era_monitor\monitorsystem\src\ERAMonitor.Infrastructure\Services\AuthService.cs(12,34): error CS0234: 'Services' t├╝r veya ad alan─▒ ad─▒ 'ERAMonitor.Core.Interfaces' ad alan─▒nda yok (bir derleme ba┼şvurunuz mu eksik?) [D:\era_monitor\monitorsystem\src\ERAMonitor.Infrastructure\ERAMonitor.Infrastructure.csproj]
D:\era_monitor\monitorsystem\src\ERAMonitor.Infrastructure\Services\EmailService.cs(10,34): error CS0234: 'Services' t├╝r veya ad alan─▒ ad─▒ 'ERAMonitor.Core.Interfaces' ad alan─▒nda yok (bir derleme ba┼şvurunuz mu eksik?) [D:\era_monitor\monitorsystem\src\ERAMonitor.Infrastructure\ERAMonitor.Infrastructure.csproj]
D:\era_monitor\monitorsystem\src\ERAMonitor.Infrastructure\Services\EmailService.cs(11,34): error CS0234: 'Services' t├╝r veya ad alan─▒ ad─▒ 'ERAMonitor.Core.Interfaces' ad alan─▒nda yok (bir derleme ba┼şvurunuz mu eksik?) [D:\era_monitor\monitorsystem\src\ERAMonitor.Infrastructure\ERAMonitor.Infrastructure.csproj]
D:\era_monitor\monitorsystem\src\ERAMonitor.Infrastructure\Services\PasswordHasher.cs(1,34): error CS0234: 'Services' t├╝r veya ad alan─▒ ad─▒ 'ERAMonitor.Core.Interfaces' ad alan─▒nda yok (bir derleme ba┼şvurunuz mu eksik?) [D:\era_monitor\monitorsystem\src\ERAMonitor.Infrastructure\ERAMonitor.Infrastructure.csproj]
D:\era_monitor\monitorsystem\src\ERAMonitor.Infrastructure\Services\TokenService.cs(8,34): error CS0234: 'Services' t├╝r veya ad alan─▒ ad─▒ 'ERAMonitor.Core.Interfaces' ad alan─▒nda yok (bir derleme ba┼şvurunuz mu eksik?) [D:\era_monitor\monitorsystem\src\ERAMonitor.Infrastructure\ERAMonitor.Infrastructure.csproj]
D:\era_monitor\monitorsystem\src\ERAMonitor.Infrastructure\Services\AuditService.cs(10,29): error CS0246: 'IAuditService' t├╝r├╝ veya ad alan─▒ ad─▒ bulunamad─▒ (bir using y├Ânergeniz veya derleme ba┼şvurunuz mu eksik?) [D:\era_monitor\monitorsystem\src\ERAMonitor.Infrastructure\ERAMonitor.Infrastructure.csproj]
D:\era_monitor\monitorsystem\src\ERAMonitor.Infrastructure\Services\AuditService.cs(13,22): error CS0246: 'IHttpContextAccessor' t├╝r├╝ veya ad alan─▒ ad─▒ bulunamad─▒ (bir using y├Ânergeniz veya derleme ba┼şvurunuz mu eksik?) [D:\era_monitor\monitorsystem\src\ERAMonitor.Infrastructure\ERAMonitor.Infrastructure.csproj]
D:\era_monitor\monitorsystem\src\ERAMonitor.Infrastructure\Services\AuditService.cs(18,9): error CS0246: 'IHttpContextAccessor' t├╝r├╝ veya ad alan─▒ ad─▒ bulunamad─▒ (bir using y├Ânergeniz veya derleme ba┼şvurunuz mu eksik?) [D:\era_monitor\monitorsystem\src\ERAMonitor.Infrastructure\ERAMonitor.Infrastructure.csproj]
D:\era_monitor\monitorsystem\src\ERAMonitor.Infrastructure\Services\AuthService.cs(18,28): error CS0246: 'IAuthService' t├╝r├╝ veya ad alan─▒ ad─▒ bulunamad─▒ (bir using y├Ânergeniz veya derleme ba┼şvurunuz mu eksik?) [D:\era_monitor\monitorsystem\src\ERAMonitor.Infrastructure\ERAMonitor.Infrastructure.csproj]
D:\era_monitor\monitorsystem\src\ERAMonitor.Infrastructure\Services\AuthService.cs(21,22): error CS0246: 'IPasswordHasher' t├╝r├╝ veya ad alan─▒ ad─▒ bulunamad─▒ (bir using y├Ânergeniz veya derleme ba┼şvurunuz mu eksik?) [D:\era_monitor\monitorsystem\src\ERAMonitor.Infrastructure\ERAMonitor.Infrastructure.csproj]
D:\era_monitor\monitorsystem\src\ERAMonitor.Infrastructure\Services\AuthService.cs(22,22): error CS0246: 'ITokenService' t├╝r├╝ veya ad alan─▒ ad─▒ bulunamad─▒ (bir using y├Ânergeniz veya derleme ba┼şvurunuz mu eksik?) [D:\era_monitor\monitorsystem\src\ERAMonitor.Infrastructure\ERAMonitor.Infrastructure.csproj]
D:\era_monitor\monitorsystem\src\ERAMonitor.Infrastructure\Services\EmailService.cs(15,29): error CS0246: 'IEmailService' t├╝r├╝ veya ad alan─▒ ad─▒ bulunamad─▒ (bir using y├Ânergeniz veya derleme ba┼şvurunuz mu eksik?) [D:\era_monitor\monitorsystem\src\ERAMonitor.Infrastructure\ERAMonitor.Infrastructure.csproj]
D:\era_monitor\monitorsystem\src\ERAMonitor.Infrastructure\Services\AuthService.cs(23,22): error CS0246: 'IEmailService' t├╝r├╝ veya ad alan─▒ ad─▒ bulunamad─▒ (bir using y├Ânergeniz veya derleme ba┼şvurunuz mu eksik?) [D:\era_monitor\monitorsystem\src\ERAMonitor.Infrastructure\ERAMonitor.Infrastructure.csproj]
D:\era_monitor\monitorsystem\src\ERAMonitor.Infrastructure\Services\AuthService.cs(24,22): error CS0246: 'IAuditService' t├╝r├╝ veya ad alan─▒ ad─▒ bulunamad─▒ (bir using y├Ânergeniz veya derleme ba┼şvurunuz mu eksik?) [D:\era_monitor\monitorsystem\src\ERAMonitor.Infrastructure\ERAMonitor.Infrastructure.csproj]
D:\era_monitor\monitorsystem\src\ERAMonitor.Infrastructure\Services\PasswordHasher.cs(5,31): error CS0246: 'IPasswordHasher' t├╝r├╝ veya ad alan─▒ ad─▒ bulunamad─▒ (bir using y├Ânergeniz veya derleme ba┼şvurunuz mu eksik?) [D:\era_monitor\monitorsystem\src\ERAMonitor.Infrastructure\ERAMonitor.Infrastructure.csproj]
D:\era_monitor\monitorsystem\src\ERAMonitor.Infrastructure\Services\TokenService.cs(12,29): error CS0246: 'ITokenService' t├╝r├╝ veya ad alan─▒ ad─▒ bulunamad─▒ (bir using y├Ânergeniz veya derleme ba┼şvurunuz mu eksik?) [D:\era_monitor\monitorsystem\src\ERAMonitor.Infrastructure\ERAMonitor.Infrastructure.csproj]
D:\era_monitor\monitorsystem\src\ERAMonitor.Infrastructure\Services\AuthService.cs(30,9): error CS0246: 'IPasswordHasher' t├╝r├╝ veya ad alan─▒ ad─▒ bulunamad─▒ (bir using y├Ânergeniz veya derleme ba┼şvurunuz mu eksik?) [D:\era_monitor\monitorsystem\src\ERAMonitor.Infrastructure\ERAMonitor.Infrastructure.csproj]
D:\era_monitor\monitorsystem\src\ERAMonitor.Infrastructure\Services\AuthService.cs(31,9): error CS0246: 'ITokenService' t├╝r├╝ veya ad alan─▒ ad─▒ bulunamad─▒ (bir using y├Ânergeniz veya derleme ba┼şvurunuz mu eksik?) [D:\era_monitor\monitorsystem\src\ERAMonitor.Infrastructure\ERAMonitor.Infrastructure.csproj]
D:\era_monitor\monitorsystem\src\ERAMonitor.Infrastructure\Services\AuthService.cs(32,9): error CS0246: 'IEmailService' t├╝r├╝ veya ad alan─▒ ad─▒ bulunamad─▒ (bir using y├Ânergeniz veya derleme ba┼şvurunuz mu eksik?) [D:\era_monitor\monitorsystem\src\ERAMonitor.Infrastructure\ERAMonitor.Infrastructure.csproj]
D:\era_monitor\monitorsystem\src\ERAMonitor.Infrastructure\Services\AuthService.cs(33,9): error CS0246: 'IAuditService' t├╝r├╝ veya ad alan─▒ ad─▒ bulunamad─▒ (bir using y├Ânergeniz veya derleme ba┼şvurunuz mu eksik?) [D:\era_monitor\monitorsystem\src\ERAMonitor.Infrastructure\ERAMonitor.Infrastructure.csproj]

Olu┼şturma BA┼ŞARISIZ OLDU.
    8 Uyar─▒
    22 Hata

Ge├ğen S├╝re 00:00:02.67
